// Jest Snapshot v1, https://goo.gl/fbAQLP

exports[`自渲染元素插入测试（insertElement） 二次渲染 1`] = `
"Snapshot Diff:
- First value
+ Second value

@@ -17,27 +17,14 @@
        </span>
        <br
          class="container wrapper non-select"
        />
        第二行
-       <span
-         data-testid="second_span"
-         style="border-radius: 50%; background: green; width: 19px; height: 19px; display: inline-block; color: white; text-align: center;"
-       >
-         2
-       </span>
        <br
          class="container wrapper non-select"
        />
-       第
-       <a
-         data-testid="third_link"
-         href="http://bytedance.net"
-         target="_blank"
-       >
-         三行
-       </a>
+       第三行
      </div>
      <br
        class="container wrapper non-select"
      />
      "
`;

exports[`自渲染元素插入测试（insertElement） 标签插入，检查快照、校验元素成功插入到正确的位置 1`] = `
<DocumentFragment>
  <div
    class="container flow-markdown-body theme-default"
    data-show-indicator="false"
    dir="ltr"
    theme-mode="light"
  >
    <div
      class="auto-hide-last-sibling-br paragraph paragraph-element br-paragraph-space"
    >
      第一行
      <span
        data-testid="first_span"
        style="border-radius: 50%; background: green; width: 19px; height: 19px; display: inline-block; color: white; text-align: center;"
      >
        1
      </span>
      <br
        class="container wrapper non-select"
      />
      第二行
      <span
        data-testid="second_span"
        style="border-radius: 50%; background: green; width: 19px; height: 19px; display: inline-block; color: white; text-align: center;"
      >
        2
      </span>
      <br
        class="container wrapper non-select"
      />
      第
      <a
        data-testid="third_link"
        href="http://bytedance.net"
        target="_blank"
      >
        三行
      </a>
    </div>
    <br
      class="container wrapper non-select"
    />
    

  </div>
</DocumentFragment>
`;
