// Jest Snapshot v1, https://goo.gl/fbAQLP

exports[`自动在中英文之间加空格渲染测试 验证响应式开启生效 1`] = `
"Snapshot Diff:
- First value
+ Second value

@@ -6,11 +6,11 @@
      theme-mode="light"
    >
      <div
        class="auto-hide-last-sibling-br paragraph paragraph-element br-paragraph-space"
      >
-       这是包含words的语句
+       这是包含 words 的语句
      </div>
      <br
        class="container wrapper non-select"
      />
      
@@ -22,11 +22,11 @@
        <a
          class="link"
          href="https://bytedance.com"
          target="_blank"
        >
-         一个bytedance的链接
+         一个 bytedance 的链接
        </a>
      </div>
      <br
        class="container wrapper non-select"
      />
@@ -38,11 +38,11 @@
        

        <div
          class="auto-hide-last-sibling-br paragraph paragraph-element br-paragraph-space"
        >
-         这是引用中的包含words的语句
+         这是引用中的包含 words 的语句
        </div>
        <br
          class="container wrapper non-select"
        />
        
@@ -57,11 +57,11 @@
        class="auto-hide-last-sibling-br"
      >
        

        <li>
-         这是列表中包含words的语句
+         这是列表中包含 words 的语句
        </li>
        

        <li>
          这是其他列表项
@@ -81,11 +81,11 @@
          <thead>
            <tr>
              <th
                align="center"
              >
-               表格头部包含words的语句
+               表格头部包含 words 的语句
              </th>
              <th
                align="center"
              >
                其他表格头部
@@ -95,11 +95,11 @@
          <tbody>
            <tr>
              <td
                align="center"
              >
-               表格单元包含words的语句
+               表格单元包含 words 的语句
              </td>
              <td
                align="center"
              >
                其他表格单元"
`;

exports[`自动在中英文之间加空格渲染测试 验证默认开启，文本被正确插入空格 1`] = `
<DocumentFragment>
  <div
    class="container flow-markdown-body theme-default"
    data-show-indicator="false"
    dir="ltr"
    theme-mode="light"
  >
    <div
      class="auto-hide-last-sibling-br paragraph paragraph-element br-paragraph-space"
    >
      这是包含 words 的语句
    </div>
    <br
      class="container wrapper non-select"
    />
    

    <div
      class="auto-hide-last-sibling-br paragraph paragraph-element br-paragraph-space"
    >
      这是
      <a
        class="link"
        href="https://bytedance.com"
        target="_blank"
      >
        一个 bytedance 的链接
      </a>
    </div>
    <br
      class="container wrapper non-select"
    />
    

    <blockquote
      class="auto-hide-last-sibling-br"
    >
      

      <div
        class="auto-hide-last-sibling-br paragraph paragraph-element br-paragraph-space"
      >
        这是引用中的包含 words 的语句
      </div>
      <br
        class="container wrapper non-select"
      />
      

    </blockquote>
    <br
      class="container wrapper non-select"
    />
    

    <ul
      class="auto-hide-last-sibling-br"
    >
      

      <li>
        这是列表中包含 words 的语句
      </li>
      

      <li>
        这是其他列表项
      </li>
      

    </ul>
    <br
      class="container wrapper non-select"
    />
    

    <div
      class="auto-hide-last-sibling-br table-container"
    >
      <table>
        <thead>
          <tr>
            <th
              align="center"
            >
              表格头部包含 words 的语句
            </th>
            <th
              align="center"
            >
              其他表格头部
            </th>
          </tr>
        </thead>
        <tbody>
          <tr>
            <td
              align="center"
            >
              表格单元包含 words 的语句
            </td>
            <td
              align="center"
            >
              其他表格单元
            </td>
          </tr>
        </tbody>
      </table>
    </div>
    <br
      class="container wrapper non-select"
    />
    <div
      class="container code-group-item--normal hide-indicator"
      data-testid="code_block"
    >
      <div
        class="code-area"
        dir="ltr"
      >
        <div
          class="header"
        >
          <div
            class="text"
          >
            <div
              class="icon"
            />
            Python
          </div>
          <div
            class="actions"
          >
            <div
              class="item"
            >
              <div
                class="icon hoverable"
                data-testid="code_block_copy"
              >
                <div
                  class="img"
                />
              </div>
            </div>
            <div
              class="item"
            >
              <div
                class="icon hoverable"
                data-testid="code_block_mode_switch"
              >
                <div
                  class="img"
                />
              </div>
            </div>
          </div>
        </div>
        <div
          class="content content--python"
        >
          <pre
            class="container language-python"
            tabindex="0"
          >
            <code
              class="language-python"
            >
              <span
                class="token comment"
              >
                # 这是代码块中的包含words的语句
              </span>
              
Print
              <span
                class="token punctuation"
              >
                (
              </span>
              <span
                class="token number"
              >
                123456
              </span>
              <span
                class="token punctuation"
              >
                )
              </span>
              

            </code>
          </pre>
        </div>
      </div>
    </div>
    <br
      class="container wrapper non-select"
    />
    

    <div
      class="auto-hide-last-sibling-br paragraph paragraph-element br-paragraph-space"
    >
      这是
      <code>
        行内代码块中的包含words的语句
      </code>
      。
    </div>
    <br
      class="container wrapper non-select"
    />
  </div>
</DocumentFragment>
`;
