// Jest Snapshot v1, https://goo.gl/fbAQLP

exports[`空行渲染测试 前后有空内容 1`] = `
<DocumentFragment>
  <div
    class="container flow-markdown-body theme-default"
    data-show-indicator="false"
    dir="ltr"
    theme-mode="light"
  >
    <div
      class="auto-hide-last-sibling-br paragraph paragraph-element br-paragraph-space"
    >
      这是普通的段落
    </div>
    <br
      class="container wrapper non-select"
    />
    

  </div>
</DocumentFragment>
`;

exports[`空行渲染测试 空内容 1`] = `<DocumentFragment />`;

exports[`空行渲染测试 空字符串 1`] = `<DocumentFragment />`;
