// Jest Snapshot v1, https://goo.gl/fbAQLP

exports[`各种不能被纳入其他文件的、较综合的测试用例 Markdown综合快照测试 1`] = `
<DocumentFragment>
  <div
    class="container flow-markdown-body theme-default"
    data-show-indicator="false"
    dir="ltr"
    theme-mode="light"
  >
    <h1
      class="header auto-hide-last-sibling-br"
    >
      My Markdown Document
    </h1>
    <br
      class="container wrapper non-select"
    />
    

    <h2
      class="header auto-hide-last-sibling-br"
    >
      Introduction
    </h2>
    <br
      class="container wrapper non-select"
    />
    

    <div
      class="auto-hide-last-sibling-br paragraph paragraph-element br-paragraph-space"
    >
      Hello, and welcome to my Markdown document! This document will demonstrate some of the features of Markdown, including GFM syntax.
    </div>
    <br
      class="container wrapper non-select"
    />
    

    <h2
      class="header auto-hide-last-sibling-br"
    >
      Headings
    </h2>
    <br
      class="container wrapper non-select"
    />
    

    <div
      class="auto-hide-last-sibling-br paragraph paragraph-element br-paragraph-space"
    >
      In Markdown, you can create headings by adding one or more hash symbols (#) before your text. For example:
    </div>
    <br
      class="container wrapper non-select"
    />
    

    <h1
      class="header auto-hide-last-sibling-br"
    >
      Heading 1
    </h1>
    <br
      class="container wrapper non-select"
    />
    

    <h2
      class="header auto-hide-last-sibling-br"
    >
      Heading 2
    </h2>
    <br
      class="container wrapper non-select"
    />
    

    <h3
      class="header auto-hide-last-sibling-br"
    >
      Heading 3
    </h3>
    <br
      class="container wrapper non-select"
    />
    

    <h4
      class="header auto-hide-last-sibling-br"
    >
      Heading 4
    </h4>
    <br
      class="container wrapper non-select"
    />
    

    <h5
      class="header auto-hide-last-sibling-br"
    >
      Heading 5
    </h5>
    <br
      class="container wrapper non-select"
    />
    

    <h6
      class="header auto-hide-last-sibling-br"
    >
      Heading 6
    </h6>
    <br
      class="container wrapper non-select"
    />
    

    <h2
      class="header auto-hide-last-sibling-br"
    >
      Paragraphs
    </h2>
    <br
      class="container wrapper non-select"
    />
    

    <div
      class="auto-hide-last-sibling-br paragraph paragraph-element br-paragraph-space"
    >
      You can create paragraphs by simply typing your text on separate lines. For example:
    </div>
    <br
      class="container wrapper non-select"
    />
    

    <div
      class="auto-hide-last-sibling-br paragraph paragraph-element br-paragraph-space"
    >
      This is a paragraph.
    </div>
    <br
      class="container wrapper non-select"
    />
    

    <div
      class="auto-hide-last-sibling-br paragraph paragraph-element br-paragraph-space"
    >
      This is another paragraph.
    </div>
    <br
      class="container wrapper non-select"
    />
    

    <h2
      class="header auto-hide-last-sibling-br"
    >
      Emphasis
    </h2>
    <br
      class="container wrapper non-select"
    />
    

    <div
      class="auto-hide-last-sibling-br paragraph paragraph-element br-paragraph-space"
    >
      You can add emphasis to your text by using asterisks or underscores. For example:
    </div>
    <br
      class="container wrapper non-select"
    />
    

    <div
      class="auto-hide-last-sibling-br paragraph paragraph-element br-paragraph-space"
    >
      <em>
        This text will be italicized.
      </em>
      <br
        class="container wrapper non-select"
      />
      <em>
        This text will also be italicized.
      </em>
    </div>
    <br
      class="container wrapper non-select"
    />
    

    <div
      class="auto-hide-last-sibling-br paragraph paragraph-element br-paragraph-space"
    >
      <strong>
        This text will be bold.
      </strong>
      <br
        class="container wrapper non-select"
      />
      <strong>
        This text will also be bold.
      </strong>
    </div>
    <br
      class="container wrapper non-select"
    />
    

    <h2
      class="header auto-hide-last-sibling-br"
    >
      Lists
    </h2>
    <br
      class="container wrapper non-select"
    />
    

    <div
      class="auto-hide-last-sibling-br paragraph paragraph-element br-paragraph-space"
    >
      You can create ordered and unordered lists in Markdown. For example:
    </div>
    <br
      class="container wrapper non-select"
    />
    

    <h3
      class="header auto-hide-last-sibling-br"
    >
      Unordered List
    </h3>
    <br
      class="container wrapper non-select"
    />
    

    <ul
      class="auto-hide-last-sibling-br"
    >
      

      <li>
        Item 1
      </li>
      

      <li>
        Item 2
      </li>
      

      <li>
        Item 3
      </li>
      

    </ul>
    <br
      class="container wrapper non-select"
    />
    

    <h3
      class="header auto-hide-last-sibling-br"
    >
      Ordered List
    </h3>
    <br
      class="container wrapper non-select"
    />
    

    <ol
      class="auto-hide-last-sibling-br"
    >
      

      <li>
        Item 1
      </li>
      

      <li>
        Item 2
      </li>
      

      <li>
        Item 3
      </li>
      

    </ol>
    <br
      class="container wrapper non-select"
    />
    

    <h2
      class="header auto-hide-last-sibling-br"
    >
      Code Blocks
    </h2>
    <br
      class="container wrapper non-select"
    />
    

    <div
      class="auto-hide-last-sibling-br paragraph paragraph-element br-paragraph-space"
    >
      You can create code blocks in Markdown by using backticks or triple backticks. For example:
    </div>
    <br
      class="container wrapper non-select"
    />
    

    <h3
      class="header auto-hide-last-sibling-br"
    >
      Inline Code
    </h3>
    <br
      class="container wrapper non-select"
    />
    

    <div
      class="auto-hide-last-sibling-br paragraph paragraph-element br-paragraph-space"
    >
      To use a variable in JavaScript, you can use the 
      <code>
        var
      </code>
       keyword.
    </div>
    <br
      class="container wrapper non-select"
    />
    

    <h3
      class="header auto-hide-last-sibling-br"
    >
      Code Block
    </h3>
    <br
      class="container wrapper non-select"
    />
    <div
      class="container code-group-item--normal hide-indicator"
      data-testid="code_block"
    >
      <div
        class="code-area"
        dir="ltr"
      >
        <div
          class="header"
        >
          <div
            class="text"
          >
            <div
              class="icon"
            />
            plaintext
          </div>
          <div
            class="actions"
          >
            <div
              class="item"
            >
              <div
                class="icon hoverable"
                data-testid="code_block_copy"
              >
                <div
                  class="img"
                />
              </div>
            </div>
            <div
              class="item"
            >
              <div
                class="icon hoverable"
                data-testid="code_block_mode_switch"
              >
                <div
                  class="img"
                />
              </div>
            </div>
          </div>
        </div>
        <div
          class="content content--plaintext"
        >
          <pre
            class="container language-plaintext"
          >
            <code
              class="language-plaintext"
            >
              function addNumbers(a, b) {
  return a + b;
}

            </code>
          </pre>
        </div>
      </div>
    </div>
    <br
      class="container wrapper non-select"
    />
    

    <h3
      class="header auto-hide-last-sibling-br"
    >
      Fenced Code Block
    </h3>
    <br
      class="container wrapper non-select"
    />
    <div
      class="container code-group-item--normal hide-indicator"
      data-testid="code_block"
    >
      <div
        class="code-area"
        dir="ltr"
      >
        <div
          class="header"
        >
          <div
            class="text"
          >
            <div
              class="icon"
            />
            javascript
          </div>
          <div
            class="actions"
          >
            <div
              class="item"
            >
              <div
                class="icon hoverable"
                data-testid="code_block_copy"
              >
                <div
                  class="img"
                />
              </div>
            </div>
            <div
              class="item"
            >
              <div
                class="icon hoverable"
                data-testid="code_block_mode_switch"
              >
                <div
                  class="img"
                />
              </div>
            </div>
          </div>
        </div>
        <div
          class="content content--javascript"
        >
          <pre
            class="container language-javascript"
          >
            <code
              class="language-javascript"
            >
              <span
                class="token keyword"
              >
                function
              </span>
               
              <span
                class="token function"
              >
                addNumbers
              </span>
              <span
                class="token punctuation"
              >
                (
              </span>
              <span
                class="token parameter"
              >
                a
                <span
                  class="token punctuation"
                >
                  ,
                </span>
                 b
              </span>
              <span
                class="token punctuation"
              >
                )
              </span>
               
              <span
                class="token punctuation"
              >
                {
              </span>
              
  
              <span
                class="token keyword"
              >
                return
              </span>
               a 
              <span
                class="token operator"
              >
                +
              </span>
               b
              <span
                class="token punctuation"
              >
                ;
              </span>
              

              <span
                class="token punctuation"
              >
                }
              </span>
              

            </code>
          </pre>
        </div>
      </div>
    </div>
    <br
      class="container wrapper non-select"
    />
    

    <h2
      class="header auto-hide-last-sibling-br"
    >
      Task Lists
    </h2>
    <br
      class="container wrapper non-select"
    />
    

    <div
      class="auto-hide-last-sibling-br paragraph paragraph-element br-paragraph-space"
    >
      You can create task lists in Markdown by using brackets. For example:
    </div>
    <br
      class="container wrapper non-select"
    />
    

    <ul
      class="tasklist auto-hide-last-sibling-br"
    >
      

      <li>
        <input
          checked=""
          disabled=""
          type="checkbox"
        />
         Write example document
      </li>
      

      <li>
        <input
          disabled=""
          type="checkbox"
        />
         Publish document
      </li>
      

      <li>
        <input
          disabled=""
          type="checkbox"
        />
         Share document with friends
      </li>
      

    </ul>
    <br
      class="container wrapper non-select"
    />
    

    <h2
      class="header auto-hide-last-sibling-br"
    >
      Tables
    </h2>
    <br
      class="container wrapper non-select"
    />
    

    <div
      class="auto-hide-last-sibling-br paragraph paragraph-element br-paragraph-space"
    >
      You can create tables in Markdown using pipes and dashes. For example:
    </div>
    <br
      class="container wrapper non-select"
    />
    

    <div
      class="auto-hide-last-sibling-br table-container"
    >
      <table>
        <thead>
          <tr>
            <th>
              Name
            </th>
            <th>
              Age
            </th>
          </tr>
        </thead>
        <tbody>
          <tr>
            <td>
              John
            </td>
            <td>
              27
            </td>
          </tr>
          <tr>
            <td>
              Jane
            </td>
            <td>
              25
            </td>
          </tr>
          <tr>
            <td>
              Jack
            </td>
            <td>
              30
            </td>
          </tr>
        </tbody>
      </table>
    </div>
    <br
      class="container wrapper non-select"
    />
    

    <h2
      class="header auto-hide-last-sibling-br"
    >
      Links
    </h2>
    <br
      class="container wrapper non-select"
    />
    

    <div
      class="auto-hide-last-sibling-br paragraph paragraph-element br-paragraph-space"
    >
      You can create links in Markdown using brackets and parentheses. For example:
    </div>
    <br
      class="container wrapper non-select"
    />
    

    <div
      class="auto-hide-last-sibling-br paragraph paragraph-element br-paragraph-space"
    >
      <a
        class="link"
        href="https://www.google.com"
        target="_blank"
      >
        Google
      </a>
    </div>
    <br
      class="container wrapper non-select"
    />
    

    <h2
      class="header auto-hide-last-sibling-br"
    >
      Images
    </h2>
    <br
      class="container wrapper non-select"
    />
    

    <div
      class="auto-hide-last-sibling-br paragraph paragraph-element br-paragraph-space"
    >
      You can add images to your Markdown document using exclamation marks, brackets, and parentheses. For example:
    </div>
    <br
      class="container wrapper non-select"
    />
    

    <div
      class="auto-hide-last-sibling-br paragraph paragraph-element br-paragraph-space"
    >
      <div
        class="container"
      >
        <div
          class="image-wrapper"
          data-testid="mdbox_image"
          style="width: 100%; height: 0px; max-width: 400px;"
        >
          <span
            style="display: inline-block;"
          >
            <img
              alt="image"
              class="image"
              decoding="async"
              height="256"
              imagex-type="react"
              imagex-version="0.3.7"
              loading="lazy"
              src="https://pic1.zhimg.com/v2-b444070848d54baf536222b22a51fba4_b.jpg"
              style="border-radius: 12px; overflow: hidden; filter: blur(20px); background-size: cover; background-image: url(data:image/svg+xml;base64,PHN2ZyB3aWR0aD0iMTAwJSIgaGVpZ2h0PSIxMDAlIiB2aWV3Qm94PSIwLDAsMjAlLDEwMCUiIHZlcnNpb249IjEuMSIgeG1sbnM9Imh0dHA6Ly93d3cudzMub3JnLzIwMDAvc3ZnIiB4bWxuczp4bGluaz0iaHR0cDovL3d3dy53My5vcmcvMTk5OS94bGluayI+CiAgPGRlZnM+CiAgICA8bGluZWFyR3JhZGllbnQgaWQ9ImciPgogICAgICA8c3RvcCBzdG9wLWNvbG9yPSIjRjJGM0Y1IiBvZmZzZXQ9IjI1JSIgLz4KICAgICAgPHN0b3Agc3RvcC1jb2xvcj0iI0U1RTZFQiIgb2Zmc2V0PSIzNyUiIC8+CiAgICAgIDxzdG9wIHN0b3AtY29sb3I9IiNGMkYzRjUiIG9mZnNldD0iNjMlIiAvPgogICAgPC9saW5lYXJHcmFkaWVudD4KICA8L2RlZnM+CiAgPHJlY3QgaWQ9InIiIHdpZHRoPSI0MDAlIiBoZWlnaHQ9IjEwMCUiIGZpbGw9InVybCgjZykiIC8+CiAgPGFuaW1hdGUgeGxpbms6aHJlZj0iI3IiIGF0dHJpYnV0ZU5hbWU9IngiIGZyb209Ii0zMDAlIiB0bz0iMCUiIGR1cj0iMS41cyIgcmVwZWF0Q291bnQ9ImluZGVmaW5pdGUiICAvPgo8L3N2Zz4=); background-position: center;"
              width="400"
            />
          </span>
        </div>
      </div>
    </div>
    <br
      class="container wrapper non-select"
    />
    

    <h2
      class="header auto-hide-last-sibling-br"
    >
      Blockquotes
    </h2>
    <br
      class="container wrapper non-select"
    />
    

    <div
      class="auto-hide-last-sibling-br paragraph paragraph-element br-paragraph-space"
    >
      You can create blockquotes in Markdown using the greater than symbol. For example:
    </div>
    <br
      class="container wrapper non-select"
    />
    

    <blockquote
      class="auto-hide-last-sibling-br"
    >
      

      <div
        class="auto-hide-last-sibling-br paragraph paragraph-element br-paragraph-space"
      >
        This is a blockquote.
      </div>
      <br
        class="container wrapper non-select"
      />
      

    </blockquote>
    <br
      class="container wrapper non-select"
    />
    

    <h2
      class="header auto-hide-last-sibling-br"
    >
      Horizontal Rule
    </h2>
    <br
      class="container wrapper non-select"
    />
    

    <div
      class="auto-hide-last-sibling-br paragraph paragraph-element br-paragraph-space"
    >
      You can add a horizontal rule in Markdown using three or more hyphens, asterisks, or underscores. For example:
    </div>
    <br
      class="container wrapper non-select"
    />
    

    <hr
      class="auto-hide-last-sibling-br"
    />
    <br
      class="container wrapper non-select"
    />
    

    <h2
      class="header auto-hide-last-sibling-br"
    >
      Emojis
    </h2>
    <br
      class="container wrapper non-select"
    />
    

    <div
      class="auto-hide-last-sibling-br paragraph paragraph-element br-paragraph-space"
    >
      You can add emojis to your Markdown document using colons and the name of the emoji. For example:
    </div>
    <br
      class="container wrapper non-select"
    />
    

    <div
      class="auto-hide-last-sibling-br paragraph paragraph-element br-paragraph-space"
    >
      :smiley:
    </div>
    <br
      class="container wrapper non-select"
    />
    

    <h2
      class="header auto-hide-last-sibling-br"
    >
      Strikethrough
    </h2>
    <br
      class="container wrapper non-select"
    />
    

    <div
      class="auto-hide-last-sibling-br paragraph paragraph-element br-paragraph-space"
    >
      You can add strikethrough text to your Markdown document using two tildes. For example:
    </div>
    <br
      class="container wrapper non-select"
    />
    

    <div
      class="auto-hide-last-sibling-br paragraph paragraph-element br-paragraph-space"
    >
      <del>
        This text is strikethrough.
      </del>
    </div>
    <br
      class="container wrapper non-select"
    />
    

    <h2
      class="header auto-hide-last-sibling-br"
    >
      Conclusion
    </h2>
    <br
      class="container wrapper non-select"
    />
    

    <div
      class="auto-hide-last-sibling-br paragraph paragraph-element br-paragraph-space"
    >
      That's it for my Markdown document! I hope you found it helpful. Thanks for reading!
    </div>
    <br
      class="container wrapper non-select"
    />
  </div>
</DocumentFragment>
`;
