// Jest Snapshot v1, https://goo.gl/fbAQLP

exports[`任务列表渲染测试 嵌套的任务列表 1`] = `
<DocumentFragment>
  <div
    class="container flow-markdown-body theme-default"
    data-show-indicator="false"
    dir="ltr"
    theme-mode="light"
  >
    <ul
      class="tasklist auto-hide-last-sibling-br"
    >
      

      <li>
        <input
          checked=""
          disabled=""
          type="checkbox"
        />
         foo
        <ul
          class="tasklist auto-hide-last-sibling-br"
        >
          

          <li>
            <input
              disabled=""
              type="checkbox"
            />
             bar
          </li>
          

          <li>
            <input
              checked=""
              disabled=""
              type="checkbox"
            />
             baz
          </li>
          

        </ul>
        <br
          class="container wrapper non-select"
        />
        

      </li>
      

      <li>
        <input
          disabled=""
          type="checkbox"
        />
         bim
      </li>
      

    </ul>
    <br
      class="container wrapper non-select"
    />
    

  </div>
</DocumentFragment>
`;

exports[`任务列表渲染测试 普通任务列表 1`] = `
<DocumentFragment>
  <div
    class="container flow-markdown-body theme-default"
    data-show-indicator="false"
    dir="ltr"
    theme-mode="light"
  >
    <ul
      class="tasklist auto-hide-last-sibling-br"
    >
      

      <li>
        <input
          disabled=""
          type="checkbox"
        />
         foo
      </li>
      

      <li>
        <input
          checked=""
          disabled=""
          type="checkbox"
        />
         bar
      </li>
      

    </ul>
    <br
      class="container wrapper non-select"
    />
    

  </div>
</DocumentFragment>
`;
