// Jest Snapshot v1, https://goo.gl/fbAQLP

exports[`分割线渲染测试 多种分割线 1`] = `
<DocumentFragment>
  <div
    class="container flow-markdown-body theme-default"
    data-show-indicator="false"
    dir="ltr"
    theme-mode="light"
  >
    <hr
      class="auto-hide-last-sibling-br"
    />
    <br
      class="container wrapper non-select"
    />
    

    <hr
      class="auto-hide-last-sibling-br"
    />
    <br
      class="container wrapper non-select"
    />
    

    <hr
      class="auto-hide-last-sibling-br"
    />
    <br
      class="container wrapper non-select"
    />
    

    <hr
      class="auto-hide-last-sibling-br"
    />
    <br
      class="container wrapper non-select"
    />
    

    <hr
      class="auto-hide-last-sibling-br"
    />
    <br
      class="container wrapper non-select"
    />
    

  </div>
</DocumentFragment>
`;
